                                      1 ;--------------------------------------------------------
                                      2 ; File Created by SDCC : free open source ANSI-C Compiler
                                      3 ; Version 4.0.7 #12016 (MINGW64)
                                      4 ;--------------------------------------------------------
                                      5 	.module main
                                      6 	.optsdcc -mgbz80
                                      7 	
                                      8 ;--------------------------------------------------------
                                      9 ; Public variables in this module
                                     10 ;--------------------------------------------------------
                                     11 	.globl _main
                                     12 	.globl _set_sprite_data
                                     13 	.globl _smileFace1
                                     14 ;--------------------------------------------------------
                                     15 ; special function registers
                                     16 ;--------------------------------------------------------
                                     17 ;--------------------------------------------------------
                                     18 ; ram data
                                     19 ;--------------------------------------------------------
                                     20 	.area _DATA
      000000                         21 _smileFace1::
      000000                         22 	.ds 16
                                     23 ;--------------------------------------------------------
                                     24 ; absolute external ram data
                                     25 ;--------------------------------------------------------
                                     26 	.area _DABS (ABS)
                                     27 ;--------------------------------------------------------
                                     28 ; global & static initialisations
                                     29 ;--------------------------------------------------------
                                     30 	.area _HOME
                                     31 	.area _GSINIT
                                     32 	.area _GSFINAL
                                     33 	.area _GSINIT
                                     34 ;smile.c:26: unsigned char smileFace1[] =
      000000 21r00r00                35 	ld	hl, #_smileFace1
      000003 36 7E                   36 	ld	(hl), #0x7e
      000005 21r01r00                37 	ld	hl, #(_smileFace1 + 0x0001)
      000008 36 7E                   38 	ld	(hl), #0x7e
      00000A 21r02r00                39 	ld	hl, #(_smileFace1 + 0x0002)
      00000D 36 FF                   40 	ld	(hl), #0xff
      00000F 21r03r00                41 	ld	hl, #(_smileFace1 + 0x0003)
      000012 36 81                   42 	ld	(hl), #0x81
      000014 21r04r00                43 	ld	hl, #(_smileFace1 + 0x0004)
      000017 36 FF                   44 	ld	(hl), #0xff
      000019 21r05r00                45 	ld	hl, #(_smileFace1 + 0x0005)
      00001C 36 A5                   46 	ld	(hl), #0xa5
      00001E 21r06r00                47 	ld	hl, #(_smileFace1 + 0x0006)
      000021 36 FF                   48 	ld	(hl), #0xff
      000023 21r07r00                49 	ld	hl, #(_smileFace1 + 0x0007)
      000026 36 81                   50 	ld	(hl), #0x81
      000028 21r08r00                51 	ld	hl, #(_smileFace1 + 0x0008)
      00002B 36 FF                   52 	ld	(hl), #0xff
      00002D 21r09r00                53 	ld	hl, #(_smileFace1 + 0x0009)
      000030 36 A5                   54 	ld	(hl), #0xa5
      000032 21r0Ar00                55 	ld	hl, #(_smileFace1 + 0x000a)
      000035 36 FF                   56 	ld	(hl), #0xff
      000037 21r0Br00                57 	ld	hl, #(_smileFace1 + 0x000b)
      00003A 36 BD                   58 	ld	(hl), #0xbd
      00003C 21r0Cr00                59 	ld	hl, #(_smileFace1 + 0x000c)
      00003F 36 FF                   60 	ld	(hl), #0xff
      000041 21r0Dr00                61 	ld	hl, #(_smileFace1 + 0x000d)
      000044 36 81                   62 	ld	(hl), #0x81
      000046 21r0Er00                63 	ld	hl, #(_smileFace1 + 0x000e)
      000049 36 7E                   64 	ld	(hl), #0x7e
      00004B 21r0Fr00                65 	ld	hl, #(_smileFace1 + 0x000f)
      00004E 36 7E                   66 	ld	(hl), #0x7e
                                     67 ;--------------------------------------------------------
                                     68 ; Home
                                     69 ;--------------------------------------------------------
                                     70 	.area _HOME
                                     71 	.area _HOME
                                     72 ;--------------------------------------------------------
                                     73 ; code
                                     74 ;--------------------------------------------------------
                                     75 	.area _CODE
                                     76 ;main.c:4: void main () {
                                     77 ;	---------------------------------
                                     78 ; Function main
                                     79 ; ---------------------------------
      000000                         80 _main::
                                     81 ;main.c:5: set_sprite_data (0,2,smileFace1);
      000000 21r00r00                82 	ld	hl, #_smileFace1
      000003 E5                      83 	push	hl
      000004 3E 02                   84 	ld	a, #0x02
      000006 F5                      85 	push	af
      000007 33                      86 	inc	sp
      000008 AF                      87 	xor	a, a
      000009 F5                      88 	push	af
      00000A 33                      89 	inc	sp
      00000B CDr00r00                90 	call	_set_sprite_data
      00000E E8 04                   91 	add	sp, #4
                                     92 ;c:/users/purpl/desktop/gbdk/include/gb/gb.h:1004: shadow_OAM[nb].tile=tile;
      000010 21r02r00                93 	ld	hl, #(_shadow_OAM + 0x0002)
      000013 36 00                   94 	ld	(hl), #0x00
                                     95 ;c:/users/purpl/desktop/gbdk/include/gb/gb.h:1077: OAM_item_t * itm = &shadow_OAM[nb];
      000015 21r00r00                96 	ld	hl, #_shadow_OAM
                                     97 ;c:/users/purpl/desktop/gbdk/include/gb/gb.h:1078: itm->y=y, itm->x=x;
      000018 3E 4E                   98 	ld	a, #0x4e
      00001A 22                      99 	ld	(hl+), a
      00001B 36 58                  100 	ld	(hl), #0x58
                                    101 ;main.c:8: SHOW_SPRITES;
      00001D F0r00                  102 	ldh	a, (_LCDC_REG+0)
      00001F F6 02                  103 	or	a, #0x02
      000021 E0r00                  104 	ldh	(_LCDC_REG+0),a
                                    105 ;main.c:9: }
      000023 C9                     106 	ret
                                    107 	.area _CODE
                                    108 	.area _CABS (ABS)
