                                      1 ;--------------------------------------------------------
                                      2 ; File Created by SDCC : free open source ANSI-C Compiler
                                      3 ; Version 4.0.7 #12016 (MINGW64)
                                      4 ;--------------------------------------------------------
                                      5 	.module main
                                      6 	.optsdcc -mgbz80
                                      7 	
                                      8 ;--------------------------------------------------------
                                      9 ; Public variables in this module
                                     10 ;--------------------------------------------------------
                                     11 	.globl _main
                                     12 	.globl _puts
                                     13 	.globl _set_sprite_data
                                     14 	.globl _smileFace1
                                     15 ;--------------------------------------------------------
                                     16 ; special function registers
                                     17 ;--------------------------------------------------------
                                     18 ;--------------------------------------------------------
                                     19 ; ram data
                                     20 ;--------------------------------------------------------
                                     21 	.area _DATA
      000000                         22 _smileFace1::
      000000                         23 	.ds 16
                                     24 ;--------------------------------------------------------
                                     25 ; absolute external ram data
                                     26 ;--------------------------------------------------------
                                     27 	.area _DABS (ABS)
                                     28 ;--------------------------------------------------------
                                     29 ; global & static initialisations
                                     30 ;--------------------------------------------------------
                                     31 	.area _HOME
                                     32 	.area _GSINIT
                                     33 	.area _GSFINAL
                                     34 	.area _GSINIT
                                     35 ;smile.c:26: unsigned char smileFace1[] =
      000000 21r00r00                36 	ld	hl, #_smileFace1
      000003 36 7E                   37 	ld	(hl), #0x7e
      000005 21r01r00                38 	ld	hl, #(_smileFace1 + 0x0001)
      000008 36 7E                   39 	ld	(hl), #0x7e
      00000A 21r02r00                40 	ld	hl, #(_smileFace1 + 0x0002)
      00000D 36 FF                   41 	ld	(hl), #0xff
      00000F 21r03r00                42 	ld	hl, #(_smileFace1 + 0x0003)
      000012 36 81                   43 	ld	(hl), #0x81
      000014 21r04r00                44 	ld	hl, #(_smileFace1 + 0x0004)
      000017 36 FF                   45 	ld	(hl), #0xff
      000019 21r05r00                46 	ld	hl, #(_smileFace1 + 0x0005)
      00001C 36 A5                   47 	ld	(hl), #0xa5
      00001E 21r06r00                48 	ld	hl, #(_smileFace1 + 0x0006)
      000021 36 FF                   49 	ld	(hl), #0xff
      000023 21r07r00                50 	ld	hl, #(_smileFace1 + 0x0007)
      000026 36 81                   51 	ld	(hl), #0x81
      000028 21r08r00                52 	ld	hl, #(_smileFace1 + 0x0008)
      00002B 36 FF                   53 	ld	(hl), #0xff
      00002D 21r09r00                54 	ld	hl, #(_smileFace1 + 0x0009)
      000030 36 A5                   55 	ld	(hl), #0xa5
      000032 21r0Ar00                56 	ld	hl, #(_smileFace1 + 0x000a)
      000035 36 FF                   57 	ld	(hl), #0xff
      000037 21r0Br00                58 	ld	hl, #(_smileFace1 + 0x000b)
      00003A 36 BD                   59 	ld	(hl), #0xbd
      00003C 21r0Cr00                60 	ld	hl, #(_smileFace1 + 0x000c)
      00003F 36 FF                   61 	ld	(hl), #0xff
      000041 21r0Dr00                62 	ld	hl, #(_smileFace1 + 0x000d)
      000044 36 81                   63 	ld	(hl), #0x81
      000046 21r0Er00                64 	ld	hl, #(_smileFace1 + 0x000e)
      000049 36 7E                   65 	ld	(hl), #0x7e
      00004B 21r0Fr00                66 	ld	hl, #(_smileFace1 + 0x000f)
      00004E 36 7E                   67 	ld	(hl), #0x7e
                                     68 ;--------------------------------------------------------
                                     69 ; Home
                                     70 ;--------------------------------------------------------
                                     71 	.area _HOME
                                     72 	.area _HOME
                                     73 ;--------------------------------------------------------
                                     74 ; code
                                     75 ;--------------------------------------------------------
                                     76 	.area _CODE
                                     77 ;main.c:4: void main () {
                                     78 ;	---------------------------------
                                     79 ; Function main
                                     80 ; ---------------------------------
      000000                         81 _main::
                                     82 ;main.c:7: printf ("varun kedia\n");
      000000 21r2Dr00                83 	ld	hl, #___str_4
      000003 E5                      84 	push	hl
      000004 CDr00r00                85 	call	_puts
      000007 E8 02                   86 	add	sp, #2
                                     87 ;main.c:8: set_sprite_data (0,2,smileFace1);
      000009 21r00r00                88 	ld	hl, #_smileFace1
      00000C E5                      89 	push	hl
      00000D 3E 02                   90 	ld	a, #0x02
      00000F F5                      91 	push	af
      000010 33                      92 	inc	sp
      000011 AF                      93 	xor	a, a
      000012 F5                      94 	push	af
      000013 33                      95 	inc	sp
      000014 CDr00r00                96 	call	_set_sprite_data
      000017 E8 04                   97 	add	sp, #4
                                     98 ;c:/users/purpl/desktop/gbdk/include/gb/gb.h:1004: shadow_OAM[nb].tile=tile;
      000019 21r02r00                99 	ld	hl, #(_shadow_OAM + 0x0002)
      00001C 36 00                  100 	ld	(hl), #0x00
                                    101 ;c:/users/purpl/desktop/gbdk/include/gb/gb.h:1077: OAM_item_t * itm = &shadow_OAM[nb];
      00001E 21r00r00               102 	ld	hl, #_shadow_OAM
                                    103 ;c:/users/purpl/desktop/gbdk/include/gb/gb.h:1078: itm->y=y, itm->x=x;
      000021 3E 8C                  104 	ld	a, #0x8c
      000023 22                     105 	ld	(hl+), a
      000024 36 8C                  106 	ld	(hl), #0x8c
                                    107 ;main.c:11: SHOW_SPRITES;
      000026 F0r00                  108 	ldh	a, (_LCDC_REG+0)
      000028 F6 02                  109 	or	a, #0x02
      00002A E0r00                  110 	ldh	(_LCDC_REG+0),a
                                    111 ;main.c:17: }
      00002C C9                     112 	ret
      00002D                        113 ___str_4:
      00002D 68 65 6C 6C 6F 20 77   114 	.ascii "hello world"
             6F 72 6C 64
      000038 0A                     115 	.db 0x0a
      000039 76 61 72 75 6E 20 6B   116 	.ascii "varun kedia"
             65 64 69 61
      000044 00                     117 	.db 0x00
                                    118 	.area _CODE
                                    119 	.area _CABS (ABS)
