                                      1 ;--------------------------------------------------------
                                      2 ; File Created by SDCC : free open source ANSI-C Compiler
                                      3 ; Version 4.0.7 #12016 (MINGW64)
                                      4 ;--------------------------------------------------------
                                      5 	.module main
                                      6 	.optsdcc -mgbz80
                                      7 	
                                      8 ;--------------------------------------------------------
                                      9 ; Public variables in this module
                                     10 ;--------------------------------------------------------
                                     11 	.globl _main
                                     12 	.globl _set_sprite_data
                                     13 	.globl _delay
                                     14 	.globl _smilers
                                     15 ;--------------------------------------------------------
                                     16 ; special function registers
                                     17 ;--------------------------------------------------------
                                     18 ;--------------------------------------------------------
                                     19 ; ram data
                                     20 ;--------------------------------------------------------
                                     21 	.area _DATA
      000000                         22 _smilers::
      000000                         23 	.ds 64
                                     24 ;--------------------------------------------------------
                                     25 ; absolute external ram data
                                     26 ;--------------------------------------------------------
                                     27 	.area _DABS (ABS)
                                     28 ;--------------------------------------------------------
                                     29 ; global & static initialisations
                                     30 ;--------------------------------------------------------
                                     31 	.area _HOME
                                     32 	.area _GSINIT
                                     33 	.area _GSFINAL
                                     34 	.area _GSINIT
                                     35 ;4smiles.c:26: unsigned char smilers[] =
      000000 21r00r00                36 	ld	hl, #_smilers
      000003 36 7E                   37 	ld	(hl), #0x7e
      000005 21r01r00                38 	ld	hl, #(_smilers + 0x0001)
      000008 36 7E                   39 	ld	(hl), #0x7e
      00000A 21r02r00                40 	ld	hl, #(_smilers + 0x0002)
      00000D 36 81                   41 	ld	(hl), #0x81
      00000F 21r03r00                42 	ld	hl, #(_smilers + 0x0003)
      000012 36 81                   43 	ld	(hl), #0x81
      000014 21r04r00                44 	ld	hl, #(_smilers + 0x0004)
      000017 36 A5                   45 	ld	(hl), #0xa5
      000019 21r05r00                46 	ld	hl, #(_smilers + 0x0005)
      00001C 36 A5                   47 	ld	(hl), #0xa5
      00001E 21r06r00                48 	ld	hl, #(_smilers + 0x0006)
      000021 36 A5                   49 	ld	(hl), #0xa5
      000023 21r07r00                50 	ld	hl, #(_smilers + 0x0007)
      000026 36 A5                   51 	ld	(hl), #0xa5
      000028 21r08r00                52 	ld	hl, #(_smilers + 0x0008)
      00002B 36 81                   53 	ld	(hl), #0x81
      00002D 21r09r00                54 	ld	hl, #(_smilers + 0x0009)
      000030 36 81                   55 	ld	(hl), #0x81
      000032 21r0Ar00                56 	ld	hl, #(_smilers + 0x000a)
      000035 36 99                   57 	ld	(hl), #0x99
      000037 21r0Br00                58 	ld	hl, #(_smilers + 0x000b)
      00003A 36 99                   59 	ld	(hl), #0x99
      00003C 21r0Cr00                60 	ld	hl, #(_smilers + 0x000c)
      00003F 36 81                   61 	ld	(hl), #0x81
      000041 21r0Dr00                62 	ld	hl, #(_smilers + 0x000d)
      000044 36 81                   63 	ld	(hl), #0x81
      000046 21r0Er00                64 	ld	hl, #(_smilers + 0x000e)
      000049 36 7E                   65 	ld	(hl), #0x7e
      00004B 21r0Fr00                66 	ld	hl, #(_smilers + 0x000f)
      00004E 36 7E                   67 	ld	(hl), #0x7e
      000050 21r10r00                68 	ld	hl, #(_smilers + 0x0010)
      000053 36 7E                   69 	ld	(hl), #0x7e
      000055 21r11r00                70 	ld	hl, #(_smilers + 0x0011)
      000058 36 7E                   71 	ld	(hl), #0x7e
      00005A 21r12r00                72 	ld	hl, #(_smilers + 0x0012)
      00005D 36 81                   73 	ld	(hl), #0x81
      00005F 21r13r00                74 	ld	hl, #(_smilers + 0x0013)
      000062 36 81                   75 	ld	(hl), #0x81
      000064 21r14r00                76 	ld	hl, #(_smilers + 0x0014)
      000067 36 A5                   77 	ld	(hl), #0xa5
      000069 21r15r00                78 	ld	hl, #(_smilers + 0x0015)
      00006C 36 A5                   79 	ld	(hl), #0xa5
      00006E 21r16r00                80 	ld	hl, #(_smilers + 0x0016)
      000071 36 81                   81 	ld	(hl), #0x81
      000073 21r17r00                82 	ld	hl, #(_smilers + 0x0017)
      000076 36 81                   83 	ld	(hl), #0x81
      000078 21r18r00                84 	ld	hl, #(_smilers + 0x0018)
      00007B 36 81                   85 	ld	(hl), #0x81
      00007D 21r19r00                86 	ld	hl, #(_smilers + 0x0019)
      000080 36 81                   87 	ld	(hl), #0x81
      000082 21r1Ar00                88 	ld	hl, #(_smilers + 0x001a)
      000085 36 BD                   89 	ld	(hl), #0xbd
      000087 21r1Br00                90 	ld	hl, #(_smilers + 0x001b)
      00008A 36 BD                   91 	ld	(hl), #0xbd
      00008C 21r1Cr00                92 	ld	hl, #(_smilers + 0x001c)
      00008F 36 81                   93 	ld	(hl), #0x81
      000091 21r1Dr00                94 	ld	hl, #(_smilers + 0x001d)
      000094 36 81                   95 	ld	(hl), #0x81
      000096 21r1Er00                96 	ld	hl, #(_smilers + 0x001e)
      000099 36 7E                   97 	ld	(hl), #0x7e
      00009B 21r1Fr00                98 	ld	hl, #(_smilers + 0x001f)
      00009E 36 7E                   99 	ld	(hl), #0x7e
      0000A0 21r20r00               100 	ld	hl, #(_smilers + 0x0020)
      0000A3 36 FF                  101 	ld	(hl), #0xff
      0000A5 21r21r00               102 	ld	hl, #(_smilers + 0x0021)
      0000A8 36 FF                  103 	ld	(hl), #0xff
      0000AA 21r22r00               104 	ld	hl, #(_smilers + 0x0022)
      0000AD 36 A5                  105 	ld	(hl), #0xa5
      0000AF 21r23r00               106 	ld	hl, #(_smilers + 0x0023)
      0000B2 36 A5                  107 	ld	(hl), #0xa5
      0000B4 21r24r00               108 	ld	hl, #(_smilers + 0x0024)
      0000B7 36 A5                  109 	ld	(hl), #0xa5
      0000B9 21r25r00               110 	ld	hl, #(_smilers + 0x0025)
      0000BC 36 A5                  111 	ld	(hl), #0xa5
      0000BE 21r26r00               112 	ld	hl, #(_smilers + 0x0026)
      0000C1 36 81                  113 	ld	(hl), #0x81
      0000C3 21r27r00               114 	ld	hl, #(_smilers + 0x0027)
      0000C6 36 81                  115 	ld	(hl), #0x81
      0000C8 21r28r00               116 	ld	hl, #(_smilers + 0x0028)
      0000CB 36 A5                  117 	ld	(hl), #0xa5
      0000CD 21r29r00               118 	ld	hl, #(_smilers + 0x0029)
      0000D0 36 A5                  119 	ld	(hl), #0xa5
      0000D2 21r2Ar00               120 	ld	hl, #(_smilers + 0x002a)
      0000D5 36 BD                  121 	ld	(hl), #0xbd
      0000D7 21r2Br00               122 	ld	hl, #(_smilers + 0x002b)
      0000DA 36 BD                  123 	ld	(hl), #0xbd
      0000DC 21r2Cr00               124 	ld	hl, #(_smilers + 0x002c)
      0000DF 36 81                  125 	ld	(hl), #0x81
      0000E1 21r2Dr00               126 	ld	hl, #(_smilers + 0x002d)
      0000E4 36 81                  127 	ld	(hl), #0x81
      0000E6 21r2Er00               128 	ld	hl, #(_smilers + 0x002e)
      0000E9 36 FF                  129 	ld	(hl), #0xff
      0000EB 21r2Fr00               130 	ld	hl, #(_smilers + 0x002f)
      0000EE 36 FF                  131 	ld	(hl), #0xff
      0000F0 21r30r00               132 	ld	hl, #(_smilers + 0x0030)
      0000F3 36 FF                  133 	ld	(hl), #0xff
      0000F5 21r31r00               134 	ld	hl, #(_smilers + 0x0031)
      0000F8 36 FF                  135 	ld	(hl), #0xff
      0000FA 21r32r00               136 	ld	hl, #(_smilers + 0x0032)
      0000FD 36 FF                  137 	ld	(hl), #0xff
      0000FF 21r33r00               138 	ld	hl, #(_smilers + 0x0033)
      000102 36 81                  139 	ld	(hl), #0x81
      000104 21r34r00               140 	ld	hl, #(_smilers + 0x0034)
      000107 36 E7                  141 	ld	(hl), #0xe7
      000109 21r35r00               142 	ld	hl, #(_smilers + 0x0035)
      00010C 36 A5                  143 	ld	(hl), #0xa5
      00010E 21r36r00               144 	ld	hl, #(_smilers + 0x0036)
      000111 36 C3                  145 	ld	(hl), #0xc3
      000113 21r37r00               146 	ld	hl, #(_smilers + 0x0037)
      000116 36 81                  147 	ld	(hl), #0x81
      000118 21r38r00               148 	ld	hl, #(_smilers + 0x0038)
      00011B 36 DB                  149 	ld	(hl), #0xdb
      00011D 21r39r00               150 	ld	hl, #(_smilers + 0x0039)
      000120 36 99                  151 	ld	(hl), #0x99
      000122 21r3Ar00               152 	ld	hl, #(_smilers + 0x003a)
      000125 36 E7                  153 	ld	(hl), #0xe7
      000127 21r3Br00               154 	ld	hl, #(_smilers + 0x003b)
      00012A 36 A5                  155 	ld	(hl), #0xa5
      00012C 21r3Cr00               156 	ld	hl, #(_smilers + 0x003c)
      00012F 36 FF                  157 	ld	(hl), #0xff
      000131 21r3Dr00               158 	ld	hl, #(_smilers + 0x003d)
      000134 36 81                  159 	ld	(hl), #0x81
      000136 21r3Er00               160 	ld	hl, #(_smilers + 0x003e)
      000139 36 FF                  161 	ld	(hl), #0xff
      00013B 21r3Fr00               162 	ld	hl, #(_smilers + 0x003f)
      00013E 36 FF                  163 	ld	(hl), #0xff
                                    164 ;--------------------------------------------------------
                                    165 ; Home
                                    166 ;--------------------------------------------------------
                                    167 	.area _HOME
                                    168 	.area _HOME
                                    169 ;--------------------------------------------------------
                                    170 ; code
                                    171 ;--------------------------------------------------------
                                    172 	.area _CODE
                                    173 ;main.c:4: void main () {
                                    174 ;	---------------------------------
                                    175 ; Function main
                                    176 ; ---------------------------------
      000000                        177 _main::
      000000 3B                     178 	dec	sp
                                    179 ;main.c:5: int i = 0;
      000001 01 00 00               180 	ld	bc, #0x0000
                                    181 ;main.c:6: set_sprite_data(0,2,smilers);
      000004 21r00r00               182 	ld	hl, #_smilers
      000007 E5                     183 	push	hl
      000008 3E 02                  184 	ld	a, #0x02
      00000A F5                     185 	push	af
      00000B 33                     186 	inc	sp
      00000C AF                     187 	xor	a, a
      00000D F5                     188 	push	af
      00000E 33                     189 	inc	sp
      00000F CDr00r00               190 	call	_set_sprite_data
      000012 E8 04                  191 	add	sp, #4
                                    192 ;c:/users/purpl/desktop/gbdk/include/gb/gb.h:1004: shadow_OAM[nb].tile=tile;
      000014 21r02r00               193 	ld	hl, #(_shadow_OAM + 0x0002)
      000017 36 00                  194 	ld	(hl), #0x00
                                    195 ;c:/users/purpl/desktop/gbdk/include/gb/gb.h:1077: OAM_item_t * itm = &shadow_OAM[nb];
      000019 21r00r00               196 	ld	hl, #_shadow_OAM
                                    197 ;c:/users/purpl/desktop/gbdk/include/gb/gb.h:1078: itm->y=y, itm->x=x;
      00001C 3E 64                  198 	ld	a, #0x64
      00001E 22                     199 	ld	(hl+), a
      00001F 36 64                  200 	ld	(hl), #0x64
                                    201 ;main.c:9: SHOW_SPRITES;
      000021 F0r00                  202 	ldh	a, (_LCDC_REG+0)
      000023 F6 02                  203 	or	a, #0x02
      000025 E0r00                  204 	ldh	(_LCDC_REG+0),a
                                    205 ;main.c:10: while (1) {
      000027                        206 00104$:
                                    207 ;main.c:11: if (i>1)i=0;
      000027 58                     208 	ld	e, b
      000028 16 00                  209 	ld	d, #0x00
      00002A 3E 01                  210 	ld	a, #0x01
      00002C B9                     211 	cp	a, c
      00002D 3E 00                  212 	ld	a, #0x00
      00002F 98                     213 	sbc	a, b
      000030 CB 7B                  214 	bit	7, e
      000032 28 07                  215 	jr	Z, 00121$
      000034 CB 7A                  216 	bit	7, d
      000036 20 08                  217 	jr	NZ, 00122$
      000038 BF                     218 	cp	a, a
      000039 18 05                  219 	jr	00122$
      00003B                        220 00121$:
      00003B CB 7A                  221 	bit	7, d
      00003D 28 01                  222 	jr	Z, 00122$
      00003F 37                     223 	scf
      000040                        224 00122$:
      000040 30 03                  225 	jr	NC, 00102$
      000042 01 00 00               226 	ld	bc, #0x0000
      000045                        227 00102$:
                                    228 ;main.c:12: set_sprite_tile(0,i++);
      000045 59                     229 	ld	e, c
      000046 03                     230 	inc	bc
      000047 F8 00                  231 	ldhl	sp,	#0
      000049 73                     232 	ld	(hl), e
                                    233 ;c:/users/purpl/desktop/gbdk/include/gb/gb.h:1004: shadow_OAM[nb].tile=tile;
      00004A 11r02r00               234 	ld	de, #(_shadow_OAM + 0x0002)
      00004D 7E                     235 	ld	a, (hl)
      00004E 12                     236 	ld	(de), a
                                    237 ;main.c:13: delay (1000);
      00004F C5                     238 	push	bc
      000050 21 E8 03               239 	ld	hl, #0x03e8
      000053 E5                     240 	push	hl
      000054 CDr00r00               241 	call	_delay
      000057 E8 02                  242 	add	sp, #2
      000059 C1                     243 	pop	bc
      00005A 18 CB                  244 	jr	00104$
                                    245 ;main.c:15: }
      00005C 33                     246 	inc	sp
      00005D C9                     247 	ret
                                    248 	.area _CODE
                                    249 	.area _CABS (ABS)
